[blockstudio.tw/index.html]
[backblue.gif]
[fade.gif]
[index.html]
[blockstudio.tw/2018block/main/wp-content/uploads/2018/10/fb-home.jpg]
[blockstudio.tw/2018block/main/wp-content/themes/twentyseventeen/img/ico/favicon.ico]
[blockstudio.tw/2018block/main/wp-content/themes/twentyseventeen/img/ico/apple-icon-57x57.png]
[blockstudio.tw/2018block/main/wp-content/themes/twentyseventeen/img/ico/apple-icon-60x60.png]
[blockstudio.tw/2018block/main/wp-content/themes/twentyseventeen/img/ico/apple-icon-72x72.png]
[blockstudio.tw/2018block/main/wp-content/themes/twentyseventeen/img/ico/apple-icon-76x76.png]
[blockstudio.tw/2018block/main/wp-content/themes/twentyseventeen/img/ico/apple-icon-114x114.png]
[blockstudio.tw/2018block/main/wp-content/themes/twentyseventeen/img/ico/apple-icon-120x120.png]
[blockstudio.tw/2018block/main/wp-content/themes/twentyseventeen/img/ico/apple-icon-144x144.png]
[blockstudio.tw/2018block/main/wp-content/themes/twentyseventeen/img/ico/apple-icon-152x152.png]
[blockstudio.tw/2018block/main/wp-content/themes/twentyseventeen/img/ico/apple-icon-180x180.png]
[blockstudio.tw/2018block/main/wp-content/themes/twentyseventeen/img/ico/android-icon-192x192.png]
[blockstudio.tw/2018block/main/wp-content/themes/twentyseventeen/img/ico/favicon-32x32.png]
[blockstudio.tw/2018block/main/wp-content/themes/twentyseventeen/img/ico/favicon-96x96.png]
[blockstudio.tw/2018block/main/wp-content/themes/twentyseventeen/img/ico/favicon-16x16.png]
[blockstudio.tw/2018block/main/wp-content/themes/twentyseventeen/img/ico/manifest.json]
[blockstudio.tw/2018block/main/wp-content/themes/twentyseventeen/img/ico/ms-icon-144x144.png]
[blockstudio.tw/2018block/main/wp-content/themes/twentyseventeen/img/index/block-map-1.jpg]
[blockstudio.tw/project/index.html]
[blockstudio.tw/contact/index.html]
[blockstudio.tw/service/index.html]
[blockstudio.tw/2018block/main/wp-content/uploads/2021/09/KBK-Cover-web.jpg]
[blockstudio.tw/2018block/main/wp-content/uploads/2020/12/RF_web_cover_offical.jpg]
[blockstudio.tw/2018block/main/wp-content/uploads/2020/04/tdri_cover2.jpg]
[blockstudio.tw/2018block/main/wp-content/uploads/2022/04/聯馥食品_display_cover.jpg]
[blockstudio.tw/blog/index.html]
[blockstudio.tw/2018block/main/wp-content/themes/twentyseventeen/js/libs.js]
[blockstudio.tw/career/index.html]
[blockstudio.tw/2018block/main/wp-content/themes/twentyseventeen/js/index-libs.js]
[blockstudio.tw/project/kbk-web/index.html]
[blockstudio.tw/about/index.html]
[blockstudio.tw/2018block/main/wp-content/themes/twentyseventeen/js/index.js]
[blockstudio.tw/2018block/main/wp-content/themes/twentyseventeen/js/main.js]
[blockstudio.tw/index.html]
[blockstudio.tw/project/rainforest-web/index.html]
[blockstudio.tw/project/tdri-intro/index.html]
[blockstudio.tw/project/gourmets-partner/index.html]
[blockstudio.tw/2018block/main/wp-content/themes/twentyseventeen/css/font/fontello5454.eot]
[blockstudio.tw/2018block/main/wp-content/themes/twentyseventeen/css/font/fontello5454.woff2]
[blockstudio.tw/2018block/main/wp-content/themes/twentyseventeen/css/font/fontello5454.woff]
[blockstudio.tw/2018block/main/wp-content/themes/twentyseventeen/css/font/fontello5454.ttf]
[blockstudio.tw/2018block/main/wp-content/themes/twentyseventeen/css/font/Helvetica_Bold.woff2]
[blockstudio.tw/2018block/main/wp-content/themes/twentyseventeen/css/font/Helvetica_Bold.woff]
[blockstudio.tw/2018block/main/wp-content/themes/twentyseventeen/css/font/Helvetica_Bold.otf]
[blockstudio.tw/2018block/main/wp-content/themes/twentyseventeen/css/main.min.css]
[blockstudio.tw/2018block/main/wp-content/themes/twentyseventeen/img/BS-logo-blue.svg]
[blockstudio.tw/project/index.html]
[blockstudio.tw/2018block/main/wp-content/uploads/2018/10/fb-about.jpg]
[blockstudio.tw/contact/index.html]
[blockstudio.tw/service/index.html]
[blockstudio.tw/blog/index.html]
[blockstudio.tw/project/webdesign/index.html]
[blockstudio.tw/project/identity/index.html]
[blockstudio.tw/2018block/main/wp-content/uploads/2018/10/career-01-1.png]
[blockstudio.tw/2018block/main/wp-content/uploads/2018/10/career-frontend-01.png]
[blockstudio.tw/2018block/main/wp-content/uploads/2018/12/career-backend-01.png]
[blockstudio.tw/2018block/main/wp-content/themes/twentyseventeen/js/slideshow.js]
[blockstudio.tw/career/index.html]
[blockstudio.tw/2018block/main/wp-content/themes/twentyseventeen/js/about.js]
[blockstudio.tw/about/index.html]
[blockstudio.tw/2018block/main/wp-content/themes/twentyseventeen/img/index/block-map-2.svg]
[blockstudio.tw/2018block/main/wp-content/themes/twentyseventeen/img/index/block-map-3.svg]
[blockstudio.tw/2018block/main/wp-content/themes/twentyseventeen/img/logo-blue.svg]
[blockstudio.tw/2018block/main/wp-content/themes/twentyseventeen/img/index/plant/spleenwort.svg]
[blockstudio.tw/2018block/main/wp-content/themes/twentyseventeen/img/index/plant/winterbourn.svg]
[blockstudio.tw/2018block/main/wp-content/themes/twentyseventeen/img/index/plant/dragon-tree.svg]
[blockstudio.tw/2018block/main/wp-content/themes/twentyseventeen/img/index/plant/century-plant.svg]
[blockstudio.tw/2018block/main/wp-content/themes/twentyseventeen/img/index/plant/ceriman.svg]
[blockstudio.tw/2018block/main/wp-content/themes/twentyseventeen/img/index/plant/butterfly-palm.svg]
[blockstudio.tw/2018block/main/wp-content/themes/twentyseventeen/img/logo-visual-bg2.svg]
[blockstudio.tw/2018block/main/wp-content/themes/twentyseventeen/img/logo-visual-bg1.svg]
[blockstudio.tw/2018block/main/wp-content/themes/twentyseventeen/img/logo-visual-down.svg]
[blockstudio.tw/2018block/main/wp-content/themes/twentyseventeen/img/logo-visual-top.svg]
[player.vimeo.com/api/player.js]
[blockstudio.tw/2018block/main/wp-content/uploads/2021/09/2-KBK-Cover2.jpg]
[blockstudio.tw/2018block/main/wp-content/uploads/2021/09/4-KBK-Concept.jpg]
[blockstudio.tw/2018block/main/wp-content/uploads/2021/09/5-KBK-ref.jpg]
[blockstudio.tw/2018block/main/wp-content/uploads/2021/09/5-KBK-ref2.jpg]
[blockstudio.tw/2018block/main/wp-content/uploads/2021/09/6-KBK-Moodboard.jpg]
[blockstudio.tw/2018block/main/wp-content/uploads/2021/09/7-KBK-setting-2.jpg]
[blockstudio.tw/2018block/main/wp-content/uploads/2021/09/8-KBK-setting-1.jpg]
[blockstudio.tw/2018block/main/wp-content/uploads/2021/09/9-kbk-layout-3.jpg]
[blockstudio.tw/2018block/main/wp-content/uploads/2021/09/10-KBK-Concept2-1.jpg]
[blockstudio.tw/2018block/main/wp-content/uploads/2021/09/11-kbk-layout-5.jpg]
[blockstudio.tw/2018block/main/wp-content/uploads/2021/09/12-KBK-layout-1.jpg]
[blockstudio.tw/2018block/main/wp-content/uploads/2021/09/3-kbk-layout.jpg]
[blockstudio.tw/2018block/main/wp-content/uploads/2021/09/15-kbk-layout-4.jpg]
[blockstudio.tw/project/kbk-web/index.html]
[blockstudio.tw/2018block/main/wp-content/uploads/2021/09/16-kbk-layout-6.jpg]
[blockstudio.tw/2018block/main/wp-content/uploads/2020/12/RF_web_diaplay-04.jpg]
[blockstudio.tw/project/culture-taitung/index.html]
[blockstudio.tw/2018block/main/wp-content/uploads/2020/12/RF_web_diaplay-05.jpg]
[blockstudio.tw/project/theannetimes/index.html]
[blockstudio.tw/project/2022-design-report/index.html]
[blockstudio.tw/project/rainforest-identity/index.html]
[blockstudio.tw/2018block/main/wp-content/uploads/2020/12/RF_web_diaplay-06.jpg]
[blockstudio.tw/2018block/main/wp-content/uploads/2020/12/RF_web_diaplay-08.jpg]
[blockstudio.tw/2018block/main/wp-content/uploads/2020/12/RF_web_diaplay-09.jpg]
[blockstudio.tw/2018block/main/wp-content/uploads/2020/12/RF_web_diaplay-10.jpg]
[blockstudio.tw/2018block/main/wp-content/uploads/2020/12/RF_web_diaplay-11.jpg]
[blockstudio.tw/project/rainforest-web/index.html]
[blockstudio.tw/2018block/main/wp-content/uploads/2020/04/Section_1.jpg]
[blockstudio.tw/2018block/main/wp-content/uploads/2020/04/Section_4_setting.jpg]
[blockstudio.tw/2018block/main/wp-content/uploads/2020/04/Section_5_concept.jpg]
[blockstudio.tw/2018block/main/wp-content/uploads/2020/04/Section_7_about_director.jpg]
[blockstudio.tw/2018block/main/wp-content/uploads/2020/04/Section_8_about.jpg]
[blockstudio.tw/2018block/main/wp-content/uploads/2020/04/Section_9.jpg]
[blockstudio.tw/2018block/main/wp-content/uploads/2020/04/Section_10.jpg]
[blockstudio.tw/2018block/main/wp-content/uploads/2020/04/Section_11.jpg]
[blockstudio.tw/2018block/main/wp-content/uploads/2023/01/台東藝文平台-品牌_Display-cover.jpg]
[blockstudio.tw/2018block/main/wp-content/uploads/2023/01/2022TDRI設計力報告書_display_cover.jpg]
[blockstudio.tw/2018block/main/wp-content/uploads/2023/01/dipslay_安妮新聞_cover.jpg]
[blockstudio.tw/project/tdri-intro/index.html]
[blockstudio.tw/2018block/main/wp-content/uploads/2022/04/聯馥食品_display_1.jpg]
[blockstudio.tw/2018block/main/wp-content/uploads/2022/04/聯馥食品_display_2.jpg]
[blockstudio.tw/2018block/main/wp-content/uploads/2022/04/聯馥食品_display_4.jpg]
[blockstudio.tw/2018block/main/wp-content/uploads/2022/04/聯馥食品_display_5.gif]
[blockstudio.tw/2018block/main/wp-content/uploads/2022/04/聯馥食品_display_6.jpg]
[blockstudio.tw/2018block/main/wp-content/uploads/2022/04/聯馥食品_display_7.jpg]
[blockstudio.tw/2018block/main/wp-content/uploads/2022/04/聯馥食品_display_8.gif]
[blockstudio.tw/2018block/main/wp-content/uploads/2022/04/聯馥食品_display_9.jpg]
[blockstudio.tw/2018block/main/wp-content/uploads/2022/04/聯馥食品_display_10.gif]
[blockstudio.tw/2018block/main/wp-content/uploads/2022/04/聯馥食品_display_11.jpg]
[blockstudio.tw/2018block/main/wp-content/uploads/2022/04/聯馥食品_display_12.jpg]
[blockstudio.tw/2018block/main/wp-content/uploads/2022/04/聯馥食品_display_13.jpg]
[blockstudio.tw/2018block/main/wp-content/uploads/2022/04/聯馥食品_display_14.jpg]
[blockstudio.tw/2018block/main/wp-content/uploads/2022/04/聯馥食品_display_15.gif]
[blockstudio.tw/2018block/main/wp-content/uploads/2022/04/聯馥食品_display_16.jpg]
[blockstudio.tw/2018block/main/wp-content/uploads/2022/04/聯馥食品_display_17.jpg]
[blockstudio.tw/2018block/main/wp-content/uploads/2022/04/聯馥食品_display_18.gif]
[blockstudio.tw/2018block/main/wp-content/uploads/2022/04/聯馥食品_display_19.jpg]
[blockstudio.tw/2018block/main/wp-content/uploads/2022/04/聯馥食品_display_20.jpg]
[blockstudio.tw/2018block/main/wp-content/uploads/2022/04/聯馥食品_display_22.gif]
[blockstudio.tw/project/gourmets-partner/index.html]
[blockstudio.tw/2018block/main/wp-admin/admin-ajax.html]
[blockstudio.tw/2018block/main/wp-content/themes/twentyseventeen/css/font/fontello5454.svg]
[blockstudio.tw/2018block/main/wp-content/themes/twentyseventeen/img/service-1.svg]
[blockstudio.tw/project/webdesign/index.html]
[blockstudio.tw/2018block/main/wp-content/themes/twentyseventeen/img/service-2.svg]
[blockstudio.tw/project/identity/index.html]
[blockstudio.tw/2018block/main/wp-content/themes/twentyseventeen/img/BS-logo.svg]
[blockstudio.tw/2018block/main/wp-content/uploads/2023/01/台東藝文平台-品牌_Display-01.jpg]
[blockstudio.tw/2018block/main/wp-content/uploads/2023/01/台東藝文平台-品牌_Display-02.jpg]
[blockstudio.tw/2018block/main/wp-content/uploads/2023/01/台東藝文平台-品牌_Display-03.jpg]
[blockstudio.tw/2018block/main/wp-content/uploads/2023/01/台東藝文平台-品牌_Display-04.jpg]
[blockstudio.tw/2018block/main/wp-content/uploads/2023/01/台東藝文平台-品牌_Display-05.jpg]
[blockstudio.tw/2018block/main/wp-content/uploads/2023/01/台東藝文平台-品牌_Display-06.gif]
[blockstudio.tw/2018block/main/wp-content/uploads/2023/01/台東藝文平台-品牌_Display-10.jpg]
[blockstudio.tw/2018block/main/wp-content/uploads/2023/01/台東藝文平台-品牌_Display-07.jpg]
[blockstudio.tw/2018block/main/wp-content/uploads/2023/01/台東藝文平台-網站_Display-1.jpg]
[blockstudio.tw/2018block/main/wp-content/uploads/2023/01/台東藝文平台-網站_Display-2.jpg]
[blockstudio.tw/2018block/main/wp-content/uploads/2023/01/台東藝文平台-網站_Display-3.jpg]
[blockstudio.tw/2018block/main/wp-content/uploads/2023/01/台東藝文平台-網站_Display-4.jpg]
[blockstudio.tw/2018block/main/wp-content/uploads/2023/01/台東藝文平台-網站_Display-5.jpg]
[blockstudio.tw/2018block/main/wp-content/uploads/2023/01/台東藝文平台-網站_Display-6.jpg]
[blockstudio.tw/2018block/main/wp-content/uploads/2023/01/台東藝文平台-網站_Display-7.jpg]
[blockstudio.tw/2018block/main/wp-content/uploads/2023/01/台東藝文平台-品牌_Display-11.jpg]
[blockstudio.tw/2018block/main/wp-content/uploads/2023/01/台東藝文平台-品牌_Display-12.jpg]
[blockstudio.tw/2018block/main/wp-content/uploads/2023/01/台東藝文平台-品牌_Display-13.gif]
[blockstudio.tw/2018block/main/wp-content/uploads/2023/01/台東藝文平台-品牌_Display-14.jpg]
[blockstudio.tw/2018block/main/wp-content/uploads/2023/01/台東藝文平台-品牌_Display-15.gif]
[blockstudio.tw/2018block/main/wp-content/uploads/2023/01/台東藝文平台-品牌_Display-16.jpg]
[blockstudio.tw/2018block/main/wp-content/uploads/2023/01/台東藝文平台-品牌_Display-17.jpg]
[blockstudio.tw/project/culture-taitung/index.html]
[blockstudio.tw/project/teachersblog/index.html]
[blockstudio.tw/2018block/main/wp-content/uploads/2023/01/2022TDRI設計力報告書_display_1.jpg]
[blockstudio.tw/2018block/main/wp-content/uploads/2023/01/2022TDRI設計力報告書_display_2.jpg]
[blockstudio.tw/2018block/main/wp-content/uploads/2023/01/2022TDRI設計力報告書_display_3.jpg]
[blockstudio.tw/project/binding/index.html]
[blockstudio.tw/2018block/main/wp-content/uploads/2023/01/2022TDRI設計力報告書_display_4.gif]
[blockstudio.tw/2018block/main/wp-content/uploads/2023/01/2022TDRI設計力報告書_display_5.jpg]
[blockstudio.tw/2018block/main/wp-content/uploads/2023/01/2022TDRI設計力報告書_display_6.gif]
[blockstudio.tw/2018block/main/wp-content/uploads/2023/01/2022TDRI設計力報告書_display_8.gif]
[blockstudio.tw/2018block/main/wp-content/uploads/2023/01/2022TDRI設計力報告書_display_7-.jpg]
[blockstudio.tw/2018block/main/wp-content/uploads/2023/01/2022TDRI設計力報告書_display_9.jpg]
[blockstudio.tw/2018block/main/wp-content/uploads/2023/01/2022TDRI設計力報告書_display_11.jpg]
[blockstudio.tw/2018block/main/wp-content/uploads/2023/01/2022TDRI設計力報告書_display_12.gif]
[blockstudio.tw/2018block/main/wp-content/uploads/2023/01/2022TDRI設計力報告書_display_13.jpg]
[blockstudio.tw/2018block/main/wp-content/uploads/2023/01/2022TDRI設計力報告書_display_14.jpg]
[blockstudio.tw/2018block/main/wp-content/uploads/2023/01/2022TDRI設計力報告書_display_15.jpg]
[blockstudio.tw/2018block/main/wp-content/uploads/2023/01/2022TDRI設計力報告書_display_16.jpg]
[blockstudio.tw/2018block/main/wp-content/uploads/2023/01/2022TDRI設計力報告書_display_17.jpg]
[blockstudio.tw/2018block/main/wp-content/uploads/2023/01/2022TDRI設計力報告書_display_18.jpg]
[blockstudio.tw/2018block/main/wp-content/uploads/2023/01/2022TDRI設計力報告書_display_19.jpg]
[blockstudio.tw/2018block/main/wp-content/uploads/2023/01/2022TDRI設計力報告書_display_20.jpg]
[blockstudio.tw/project/2022-design-report/index.html]
[blockstudio.tw/2018block/main/wp-content/uploads/2023/01/01.jpg]
[blockstudio.tw/2018block/main/wp-content/uploads/2023/01/02.jpg]
[blockstudio.tw/2018block/main/wp-content/uploads/2023/01/03.jpg]
[blockstudio.tw/2018block/main/wp-content/uploads/2023/01/04.jpg]
[blockstudio.tw/2018block/main/wp-content/uploads/2023/01/07.jpg]
[blockstudio.tw/2018block/main/wp-content/uploads/2023/01/08.jpg]
[blockstudio.tw/2018block/main/wp-content/uploads/2023/01/09.jpg]
[blockstudio.tw/2018block/main/wp-content/uploads/2023/01/10.jpg]
[blockstudio.tw/2018block/main/wp-content/uploads/2023/01/11.jpg]
[blockstudio.tw/2018block/main/wp-content/uploads/2023/01/13.jpg]
[blockstudio.tw/2018block/main/wp-content/uploads/2023/01/14.jpg]
[blockstudio.tw/project/theannetimes/index.html]
[blockstudio.tw/2018block/main/wp-content/uploads/2020/12/RF_diaplayall-cover.jpg]
[blockstudio.tw/2018block/main/wp-content/uploads/2020/12/RF_diaplayall-01.jpg]
[blockstudio.tw/2018block/main/wp-content/uploads/2020/12/RF_diaplayall-02.jpg]
[blockstudio.tw/2018block/main/wp-content/uploads/2020/12/RF_diaplayall-03.jpg]
[blockstudio.tw/2018block/main/wp-content/uploads/2020/12/RF_diaplayall-04.jpg]
[blockstudio.tw/2018block/main/wp-content/uploads/2020/12/RF_diaplayall-05-new.gif]
[blockstudio.tw/2018block/main/wp-content/uploads/2020/12/RF_diaplayall-06-new.gif]
[blockstudio.tw/2018block/main/wp-content/uploads/2020/12/RF_diaplayall-07.jpg]
[blockstudio.tw/2018block/main/wp-content/uploads/2020/12/RF_diaplayall-08.jpg]
[blockstudio.tw/2018block/main/wp-content/uploads/2020/12/RF_diaplayall-09.jpg]
[blockstudio.tw/2018block/main/wp-content/uploads/2020/12/RF_diaplayall-10.jpg]
[blockstudio.tw/2018block/main/wp-content/uploads/2020/12/RF_diaplayall-11.jpg]
[blockstudio.tw/2018block/main/wp-content/uploads/2020/12/RF_diaplayall-12.jpg]
[blockstudio.tw/2018block/main/wp-content/uploads/2020/12/RF_diaplayall-13.jpg]
[blockstudio.tw/project/rainforest-identity/index.html]
[blockstudio.tw/2018block/main/wp-content/uploads/2023/01/台東慢食_Display_cover.jpg]
[blockstudio.tw/2018block/main/wp-content/uploads/2023/01/台東慢食_Display_1.jpg]
[blockstudio.tw/2018block/main/wp-content/uploads/2023/01/台東慢食_Display_2.jpg]
[blockstudio.tw/2018block/main/wp-content/uploads/2023/01/台東慢食_Display_3.jpg]
[blockstudio.tw/2018block/main/wp-content/uploads/2023/01/台東慢食_Display_4.jpg]
[blockstudio.tw/2018block/main/wp-content/uploads/2023/01/台東慢食_Display_5.jpg]
[blockstudio.tw/2018block/main/wp-content/uploads/2023/01/台東慢食_Display_6.jpg]
[blockstudio.tw/2018block/main/wp-content/uploads/2023/01/台東慢食_Display_7.jpg]
[blockstudio.tw/2018block/main/wp-content/uploads/2023/01/台東慢食_Display_8.jpg]
[blockstudio.tw/2018block/main/wp-content/uploads/2023/01/台東慢食_Display_10.jpg]
[blockstudio.tw/2018block/main/wp-content/uploads/2023/01/台東慢食_Display_11.jpg]
[blockstudio.tw/2018block/main/wp-content/uploads/2023/01/台東慢食_Display_12.jpg]
[blockstudio.tw/project/teachersblog/index.html]
[blockstudio.tw/project/binding/index.html]
[blockstudio.tw/2018block/main/wp-content/themes/twentyseventeen/index.html]
